由于文件 (符号) 而包含了归档成员

lib/orangescrt.a(printf.o)    kernel/main.o (printf)
lib/orangescrt.a(vsprintf.o)  kernel/main.o (vsprintf)
lib/orangescrt.a(string.o)    kernel/start.o (memcpy)
lib/orangescrt.a(misc.o)      kernel/main.o (send_recv)
lib/orangescrt.a(open.o)      kernel/main.o (open)
lib/orangescrt.a(read.o)      kernel/main.o (read)
lib/orangescrt.a(write.o)     kernel/main.o (write)
lib/orangescrt.a(close.o)     kernel/main.o (close)
lib/orangescrt.a(lseek.o)     kernel/main.o (lseek)
lib/orangescrt.a(getpid.o)    fs/disklog.o (getpid)
lib/orangescrt.a(stat.o)      mm/exec.o (stat)
lib/orangescrt.a(fork.o)      kernel/main.o (fork)
lib/orangescrt.a(wait.o)      kernel/main.o (wait)
lib/orangescrt.a(exec.o)      kernel/main.o (execv)
lib/orangescrt.a(getticks.o)  kernel/main.o (getticks)
lib/orangescrt.a(syscall.o)   lib/orangescrt.a(misc.o) (sendrec)

分配公共符号
公共符号            大小              文件

idt_ptr             0x6               kernel/global.o
inode_table         0xb00             kernel/global.o
task_stack          0x24000           kernel/global.o
k_reenter           0x4               kernel/global.o
gdt                 0x400             kernel/global.o
current_console     0x4               kernel/global.o
pcaller             0x4               kernel/global.o
tty_table           0xc6c             kernel/global.o
tss                 0x68              kernel/global.o
fs_msg              0x30              kernel/global.o
memory_size         0x4               kernel/global.o
f_desc_table        0x400             kernel/global.o
root_inode          0x4               kernel/global.o
disp_pos            0x4               kernel/global.o
mm_msg              0x30              kernel/global.o
key_pressed         0x4               kernel/global.o
gdt_ptr             0x6               kernel/global.o
idt                 0x800             kernel/global.o
super_block         0x1e0             kernel/global.o
PARTITION_ENTRY     0x10              kernel/hd.o
ticks               0x4               kernel/global.o
console_table       0x3c              kernel/global.o
irq_table           0x40              kernel/global.o
p_proc_ready        0x4               kernel/global.o
proc_table          0x3aae            kernel/global.o

舍弃的输入节

 .note.GNU-stack
                0x0000000000000000        0x0 kernel/start.o
 .note.GNU-stack
                0x0000000000000000        0x0 kernel/main.o
 .note.GNU-stack
                0x0000000000000000        0x0 kernel/clock.o
 .note.GNU-stack
                0x0000000000000000        0x0 kernel/keyboard.o
 .note.GNU-stack
                0x0000000000000000        0x0 kernel/tty.o
 .note.GNU-stack
                0x0000000000000000        0x0 kernel/console.o
 .note.GNU-stack
                0x0000000000000000        0x0 kernel/i8259.o
 .note.GNU-stack
                0x0000000000000000        0x0 kernel/global.o
 .note.GNU-stack
                0x0000000000000000        0x0 kernel/protect.o
 .note.GNU-stack
                0x0000000000000000        0x0 kernel/proc.o
 .note.GNU-stack
                0x0000000000000000        0x0 kernel/systask.o
 .note.GNU-stack
                0x0000000000000000        0x0 kernel/hd.o
 .note.GNU-stack
                0x0000000000000000        0x0 kernel/klib.o
 .note.GNU-stack
                0x0000000000000000        0x0 lib/syslog.o
 .note.GNU-stack
                0x0000000000000000        0x0 mm/main.o
 .note.GNU-stack
                0x0000000000000000        0x0 mm/forkexit.o
 .note.GNU-stack
                0x0000000000000000        0x0 mm/exec.o
 .note.GNU-stack
                0x0000000000000000        0x0 fs/main.o
 .note.GNU-stack
                0x0000000000000000        0x0 fs/open.o
 .note.GNU-stack
                0x0000000000000000        0x0 fs/misc.o
 .note.GNU-stack
                0x0000000000000000        0x0 fs/read_write.o
 .note.GNU-stack
                0x0000000000000000        0x0 fs/link.o
 .note.GNU-stack
                0x0000000000000000        0x0 fs/disklog.o
 .note.GNU-stack
                0x0000000000000000        0x0 lib/orangescrt.a(printf.o)
 .note.GNU-stack
                0x0000000000000000        0x0 lib/orangescrt.a(vsprintf.o)
 .note.GNU-stack
                0x0000000000000000        0x0 lib/orangescrt.a(misc.o)
 .note.GNU-stack
                0x0000000000000000        0x0 lib/orangescrt.a(open.o)
 .note.GNU-stack
                0x0000000000000000        0x0 lib/orangescrt.a(read.o)
 .note.GNU-stack
                0x0000000000000000        0x0 lib/orangescrt.a(write.o)
 .note.GNU-stack
                0x0000000000000000        0x0 lib/orangescrt.a(close.o)
 .note.GNU-stack
                0x0000000000000000        0x0 lib/orangescrt.a(lseek.o)
 .note.GNU-stack
                0x0000000000000000        0x0 lib/orangescrt.a(getpid.o)
 .note.GNU-stack
                0x0000000000000000        0x0 lib/orangescrt.a(stat.o)
 .note.GNU-stack
                0x0000000000000000        0x0 lib/orangescrt.a(fork.o)
 .note.GNU-stack
                0x0000000000000000        0x0 lib/orangescrt.a(wait.o)
 .note.GNU-stack
                0x0000000000000000        0x0 lib/orangescrt.a(exec.o)
 .note.GNU-stack
                0x0000000000000000        0x0 lib/orangescrt.a(getticks.o)

内存配置

名称           来源             长度             属性
*default*        0x0000000000000000 0xffffffffffffffff

链结器命令稿和内存映射

段 .text 的地址设置为 0x1000
LOAD kernel/kernel.o
LOAD kernel/start.o
LOAD kernel/main.o
LOAD kernel/clock.o
LOAD kernel/keyboard.o
LOAD kernel/tty.o
LOAD kernel/console.o
LOAD kernel/i8259.o
LOAD kernel/global.o
LOAD kernel/protect.o
LOAD kernel/proc.o
LOAD kernel/systask.o
LOAD kernel/hd.o
LOAD kernel/kliba.o
LOAD kernel/klib.o
LOAD lib/syslog.o
LOAD mm/main.o
LOAD mm/forkexit.o
LOAD mm/exec.o
LOAD fs/main.o
LOAD fs/open.o
LOAD fs/misc.o
LOAD fs/read_write.o
LOAD fs/link.o
LOAD fs/disklog.o
LOAD lib/orangescrt.a
                [!provide]                        PROVIDE (__executable_start, 0x8048000)
                0x0000000008048094                . = (0x8048000 + SIZEOF_HEADERS)

.interp
 *(.interp)

.note.gnu.build-id
 *(.note.gnu.build-id)

.hash
 *(.hash)

.gnu.hash
 *(.gnu.hash)

.dynsym
 *(.dynsym)

.dynstr
 *(.dynstr)

.gnu.version
 *(.gnu.version)

.gnu.version_d
 *(.gnu.version_d)

.gnu.version_r
 *(.gnu.version_r)

.rel.dyn        0x0000000008048094        0x0
 *(.rel.init)
 *(.rel.text .rel.text.* .rel.gnu.linkonce.t.*)
 .rel.text      0x0000000008048094        0x0 kernel/kernel.o
 *(.rel.fini)
 *(.rel.rodata .rel.rodata.* .rel.gnu.linkonce.r.*)
 *(.rel.data.rel.ro .rel.data.rel.ro.* .rel.gnu.linkonce.d.rel.ro.*)
 *(.rel.data .rel.data.* .rel.gnu.linkonce.d.*)
 .rel.data      0x0000000008048094        0x0 kernel/kernel.o
 *(.rel.tdata .rel.tdata.* .rel.gnu.linkonce.td.*)
 *(.rel.tbss .rel.tbss.* .rel.gnu.linkonce.tb.*)
 *(.rel.ctors)
 *(.rel.dtors)
 *(.rel.got)
 *(.rel.bss .rel.bss.* .rel.gnu.linkonce.b.*)
 *(.rel.ifunc)

.rel.plt        0x0000000008048094        0x0
 *(.rel.plt)
                [!provide]                        PROVIDE (__rel_iplt_start, .)
 *(.rel.iplt)
 .rel.iplt      0x0000000008048094        0x0 kernel/kernel.o
                [!provide]                        PROVIDE (__rel_iplt_end, .)

.init
 *(SORT(.init))

.plt            0x00000000080480a0        0x0
 *(.plt)
 *(.iplt)
 .iplt          0x00000000080480a0        0x0 kernel/kernel.o

.plt.got
 *(.plt.got)

.text           0x0000000000001000     0xc0a8
 *(.text.unlikely .text.*_unlikely .text.unlikely.*)
 *(.text.exit .text.exit.*)
 *(.text.startup .text.startup.*)
 *(.text.hot .text.hot.*)
 *(.text .stub .text.* .gnu.linkonce.t.*)
 .text          0x0000000000001000      0x410 kernel/kernel.o
                0x0000000000001000                _start
                0x0000000000001040                hwint00
                0x0000000000001070                hwint01
                0x00000000000010a0                hwint02
                0x00000000000010d0                hwint03
                0x0000000000001100                hwint04
                0x0000000000001130                hwint05
                0x0000000000001160                hwint06
                0x0000000000001190                hwint07
                0x00000000000011c0                hwint08
                0x00000000000011f0                hwint09
                0x0000000000001220                hwint10
                0x0000000000001250                hwint11
                0x0000000000001280                hwint12
                0x00000000000012b0                hwint13
                0x00000000000012e0                hwint14
                0x0000000000001310                hwint15
                0x0000000000001334                divide_error
                0x000000000000133a                single_step_exception
                0x0000000000001340                nmi
                0x0000000000001346                breakpoint_exception
                0x000000000000134c                overflow
                0x0000000000001352                bounds_check
                0x0000000000001358                inval_opcode
                0x000000000000135e                copr_not_available
                0x0000000000001364                double_fault
                0x0000000000001368                copr_seg_overrun
                0x000000000000136e                inval_tss
                0x0000000000001372                segment_not_present
                0x0000000000001376                stack_exception
                0x000000000000137a                general_protection
                0x000000000000137e                page_fault
                0x0000000000001382                copr_error
                0x00000000000013cb                sys_call
                0x00000000000013eb                restart
 .text          0x0000000000001410       0x95 kernel/start.o
                0x0000000000001410                cstart
 .text          0x00000000000014a5      0xd3f kernel/main.o
                0x00000000000014a5                kernel_main
                0x00000000000017c4                get_ticks
                0x00000000000017f8                untar
                0x0000000000001aa2                shabby_shell
                0x0000000000001b37                countOpen
                0x0000000000001c74                shell_routine
                0x0000000000001e4b                three
                0x0000000000001ea4                two
                0x0000000000001efd                one
                0x0000000000001f56                starting
                0x000000000000205f                Init
                0x000000000000218c                TestA
                0x0000000000002191                TestB
                0x0000000000002196                TestC
                0x000000000000219b                panic
 .text          0x00000000000021e4      0x10d kernel/clock.o
                0x00000000000021e4                clock_handler
                0x000000000000225f                milli_delay
                0x0000000000002299                init_clock
 .text          0x00000000000022f1      0x6da kernel/keyboard.o
                0x00000000000022f1                keyboard_handler
                0x000000000000235b                init_keyboard
                0x000000000000240a                keyboard_read
 .text          0x00000000000029cb      0x9c0 kernel/tty.o
                0x00000000000029cb                task_tty
                0x0000000000002b7b                in_process
                0x000000000000308c                sys_printx
                0x000000000000322a                dump_tty_buf
 .text          0x000000000000338b      0x7d7 kernel/console.o
                0x000000000000338b                init_screen
                0x00000000000034ff                out_char
                0x00000000000037dc                is_current_console
                0x00000000000038cf                select_console
                0x000000000000390f                scroll_screen
 .text          0x0000000000003b62      0x130 kernel/i8259.o
                0x0000000000003b62                init_8259A
                0x0000000000003c37                spurious_irq
                0x0000000000003c6e                put_irq_handler
 .text          0x0000000000003c92        0x0 kernel/global.o
 .text          0x0000000000003c92      0x660 kernel/protect.o
                0x0000000000003c92                init_prot
                0x00000000000040fb                seg2linear
                0x000000000000414a                init_desc
                0x00000000000041b7                exception_handler
 .text          0x00000000000042f2     0x1614 kernel/proc.o
                0x00000000000042f2                schedule
                0x00000000000043ca                sys_sendrec
                0x00000000000044e9                ldt_seg_linear
                0x0000000000004533                va2la
                0x0000000000004594                reset_msg
                0x0000000000005354                inform_int
                0x00000000000054c1                dump_proc
                0x00000000000057f9                dump_msg
 .text          0x0000000000005906      0x2bc kernel/systask.o
                0x0000000000005906                task_sys
 .text          0x0000000000005bc2      0xd1e kernel/hd.o
                0x0000000000005bc2                task_hd
                0x00000000000068b5                hd_handler
 .text          0x00000000000068e0      0x19a kernel/kliba.o
                0x00000000000068e0                disp_str
                0x000000000000691e                disp_color_str
                0x000000000000695d                out_byte
                0x0000000000006969                in_byte
                0x0000000000006973                port_read
                0x0000000000006986                port_write
                0x0000000000006999                disable_irq
                0x00000000000069ce                enable_irq
                0x00000000000069ed                disable_int
                0x00000000000069ef                enable_int
                0x00000000000069f1                glitter
 .text          0x0000000000006a7a      0x2af kernel/klib.o
                0x0000000000006a7a                get_boot_params
                0x0000000000006b00                get_kernel_map
                0x0000000000006c10                itoa
                0x0000000000006cbb                disp_int
                0x0000000000006ce2                delay
 .text          0x0000000000006d29       0x6f lib/syslog.o
                0x0000000000006d29                syslog
 .text          0x0000000000006d98      0x1bc mm/main.o
                0x0000000000006d98                task_mm
                0x0000000000006ecf                alloc_mem
                0x0000000000006f4a                free_mem
 .text          0x0000000000006f54      0x5e6 mm/forkexit.o
                0x0000000000006f54                do_fork
                0x00000000000072b1                do_exit
                0x0000000000007482                do_wait
 .text          0x000000000000753a      0x359 mm/exec.o
                0x000000000000753a                do_exec
 .text          0x0000000000007893     0x1118 fs/main.o
                0x0000000000007893                task_fs
                0x000000000000838e                rw_sector
                0x00000000000085b3                get_super_block
                0x00000000000085f9                get_inode
                0x000000000000875c                put_inode
                0x000000000000879a                sync_inode
 .text          0x00000000000089ab      0xb5e fs/open.o
                0x00000000000089ab                do_open
                0x0000000000008ea5                do_close
                0x0000000000008f20                do_lseek
 .text          0x0000000000009509      0x3b2 fs/misc.o
                0x0000000000009509                do_stat
                0x00000000000096da                search_file
                0x0000000000009830                strip_path
 .text          0x00000000000098bb      0x49a fs/read_write.o
                0x00000000000098bb                do_rdwt
 .text          0x0000000000009d55      0x808 fs/link.o
                0x0000000000009d55                do_unlink
 .text          0x000000000000a55d     0x1fbf fs/disklog.o
                0x000000000000a55d                disklog
                0x000000000000aaca                dump_fd_graph
 .text          0x000000000000c51c       0xad lib/orangescrt.a(printf.o)
                0x000000000000c51c                printf
                0x000000000000c587                printl
 .text          0x000000000000c5c9      0x305 lib/orangescrt.a(vsprintf.o)
                0x000000000000c627                vsprintf
                0x000000000000c8a8                sprintf
 *fill*         0x000000000000c8ce        0x2 
 .text          0x000000000000c8d0       0x78 lib/orangescrt.a(string.o)
                0x000000000000c8d0                memcpy
                0x000000000000c8f9                memset
                0x000000000000c91a                strcpy
                0x000000000000c932                strlen
 .text          0x000000000000c948      0x256 lib/orangescrt.a(misc.o)
                0x000000000000c948                send_recv
                0x000000000000ca02                memcmp
                0x000000000000ca78                strcmp
                0x000000000000caeb                strcat
                0x000000000000cb4a                spin
                0x000000000000cb65                assertion_failure
 .text          0x000000000000cb9e       0x63 lib/orangescrt.a(open.o)
                0x000000000000cb9e                open
 .text          0x000000000000cc01       0x37 lib/orangescrt.a(read.o)
                0x000000000000cc01                read
 .text          0x000000000000cc38       0x37 lib/orangescrt.a(write.o)
                0x000000000000cc38                write
 .text          0x000000000000cc6f       0x2b lib/orangescrt.a(close.o)
                0x000000000000cc6f                close
 .text          0x000000000000cc9a       0x37 lib/orangescrt.a(lseek.o)
                0x000000000000cc9a                lseek
 .text          0x000000000000ccd1       0x46 lib/orangescrt.a(getpid.o)
                0x000000000000ccd1                getpid
 .text          0x000000000000cd17       0x63 lib/orangescrt.a(stat.o)
                0x000000000000cd17                stat
 .text          0x000000000000cd7a       0x66 lib/orangescrt.a(fork.o)
                0x000000000000cd7a                fork
 .text          0x000000000000cde0       0x3c lib/orangescrt.a(wait.o)
                0x000000000000cde0                wait
 .text          0x000000000000ce1c      0x237 lib/orangescrt.a(exec.o)
                0x000000000000ce1c                exec
                0x000000000000ce87                execl
                0x000000000000ceac                execv
 .text          0x000000000000d053       0x25 lib/orangescrt.a(getticks.o)
                0x000000000000d053                getticks
 *fill*         0x000000000000d078        0x8 
 .text          0x000000000000d080       0x28 lib/orangescrt.a(syscall.o)
                0x000000000000d080                sendrec
                0x000000000000d09a                printx
 *(.gnu.warning)

.fini
 *(SORT(.fini))
                [!provide]                        PROVIDE (__etext, .)
                [!provide]                        PROVIDE (_etext, .)
                [!provide]                        PROVIDE (etext, .)

.rodata         0x000000000000d0c0     0x26d3
 *(.rodata .rodata.* .gnu.linkonce.r.*)
 .rodata        0x000000000000d0c0       0x47 kernel/start.o
 *fill*         0x000000000000d107        0x1 
 .rodata        0x000000000000d108      0x2e2 kernel/main.o
 *fill*         0x000000000000d3ea        0x2 
 .rodata        0x000000000000d3ec       0x64 kernel/keyboard.o
 .rodata        0x000000000000d450      0x13c kernel/tty.o
 .rodata        0x000000000000d58c       0x5b kernel/console.o
 .rodata        0x000000000000d5e7       0x11 kernel/i8259.o
 .rodata        0x000000000000d5f8       0x10 kernel/global.o
                0x000000000000d5f8                FSBUF_SIZE
                0x000000000000d5fc                MMBUF_SIZE
                0x000000000000d600                LOGBUF_SIZE
                0x000000000000d604                LOGDISKBUF_SIZE
 *fill*         0x000000000000d608       0x18 
 .rodata        0x000000000000d620      0x580 kernel/protect.o
 .rodata        0x000000000000dba0      0x5da kernel/proc.o
 .rodata        0x000000000000e17a       0x11 kernel/systask.o
 *fill*         0x000000000000e18b        0x1 
 .rodata        0x000000000000e18c      0x15c kernel/hd.o
 .rodata        0x000000000000e2e8       0x6a kernel/klib.o
 .rodata        0x000000000000e352       0x1e lib/syslog.o
 .rodata        0x000000000000e370       0xb1 mm/main.o
 *fill*         0x000000000000e421        0x3 
 .rodata        0x000000000000e424       0xe7 mm/forkexit.o
 *fill*         0x000000000000e50b        0x1 
 .rodata        0x000000000000e50c       0xa4 mm/exec.o
 .rodata        0x000000000000e5b0      0x2ce fs/main.o
 *fill*         0x000000000000e87e        0x2 
 .rodata        0x000000000000e880      0x1b0 fs/open.o
 .rodata        0x000000000000ea30       0x60 fs/misc.o
 .rodata        0x000000000000ea90      0x164 fs/read_write.o
 .rodata        0x000000000000ebf4      0x1ad fs/link.o
 *fill*         0x000000000000eda1        0x3 
 .rodata        0x000000000000eda4      0x806 fs/disklog.o
 .rodata        0x000000000000f5aa       0x14 lib/orangescrt.a(printf.o)
 *fill*         0x000000000000f5be        0x2 
 .rodata        0x000000000000f5c0       0xad lib/orangescrt.a(misc.o)
 .rodata        0x000000000000f66d       0x23 lib/orangescrt.a(open.o)
 .rodata        0x000000000000f690       0x25 lib/orangescrt.a(getpid.o)
 .rodata        0x000000000000f6b5       0x23 lib/orangescrt.a(stat.o)
 .rodata        0x000000000000f6d8       0x33 lib/orangescrt.a(fork.o)
 *fill*         0x000000000000f70b        0x1 
 .rodata        0x000000000000f70c       0x87 lib/orangescrt.a(exec.o)

.rodata1
 *(.rodata1)

.eh_frame_hdr
 *(.eh_frame_hdr)
 *(.eh_frame_entry .eh_frame_entry.*)

.eh_frame       0x000000000000f794     0x1354
 *(.eh_frame)
 .eh_frame      0x000000000000f794       0x38 kernel/start.o
 .eh_frame      0x000000000000f7cc      0x1cc kernel/main.o
                                        0x1e4 (松开之前的大小)
 .eh_frame      0x000000000000f998       0x60 kernel/clock.o
                                         0x78 (松开之前的大小)
 .eh_frame      0x000000000000f9f8       0xe0 kernel/keyboard.o
                                         0xf8 (松开之前的大小)
 .eh_frame      0x000000000000fad8      0x13c kernel/tty.o
                                        0x154 (松开之前的大小)
 .eh_frame      0x000000000000fc14      0x144 kernel/console.o
                                        0x15c (松开之前的大小)
 .eh_frame      0x000000000000fd58       0x60 kernel/i8259.o
                                         0x78 (松开之前的大小)
 .eh_frame      0x000000000000fdb8       0xb0 kernel/protect.o
                                         0xc8 (松开之前的大小)
 .eh_frame      0x000000000000fe68      0x1b8 kernel/proc.o
                                        0x1d0 (松开之前的大小)
 .eh_frame      0x0000000000010020       0x5c kernel/systask.o
                                         0x74 (松开之前的大小)
 .eh_frame      0x000000000001007c      0x1c8 kernel/hd.o
                                        0x1e0 (松开之前的大小)
 .eh_frame      0x0000000000010244       0xa0 kernel/klib.o
                                         0xb8 (松开之前的大小)
 .eh_frame      0x00000000000102e4       0x20 lib/syslog.o
                                         0x38 (松开之前的大小)
 .eh_frame      0x0000000000010304       0x7c mm/main.o
                                         0x94 (松开之前的大小)
 .eh_frame      0x0000000000010380       0x90 mm/forkexit.o
                                         0xa8 (松开之前的大小)
 .eh_frame      0x0000000000010410       0x2c mm/exec.o
                                         0x44 (松开之前的大小)
 .eh_frame      0x000000000001043c      0x170 fs/main.o
                                        0x188 (松开之前的大小)
 .eh_frame      0x00000000000105ac      0x120 fs/open.o
                                        0x138 (松开之前的大小)
 .eh_frame      0x00000000000106cc       0x68 fs/misc.o
                                         0x80 (松开之前的大小)
 .eh_frame      0x0000000000010734       0x2c fs/read_write.o
                                         0x44 (松开之前的大小)
 .eh_frame      0x0000000000010760       0x2c fs/link.o
                                         0x44 (松开之前的大小)
 .eh_frame      0x000000000001078c       0x60 fs/disklog.o
                                         0x78 (松开之前的大小)
 .eh_frame      0x00000000000107ec       0x40 lib/orangescrt.a(printf.o)
                                         0x58 (松开之前的大小)
 .eh_frame      0x000000000001082c       0x60 lib/orangescrt.a(vsprintf.o)
                                         0x78 (松开之前的大小)
 .eh_frame      0x000000000001088c       0xbc lib/orangescrt.a(misc.o)
                                         0xd4 (松开之前的大小)
 .eh_frame      0x0000000000010948       0x20 lib/orangescrt.a(open.o)
                                         0x38 (松开之前的大小)
 .eh_frame      0x0000000000010968       0x20 lib/orangescrt.a(read.o)
                                         0x38 (松开之前的大小)
 .eh_frame      0x0000000000010988       0x20 lib/orangescrt.a(write.o)
                                         0x38 (松开之前的大小)
 .eh_frame      0x00000000000109a8       0x20 lib/orangescrt.a(close.o)
                                         0x38 (松开之前的大小)
 .eh_frame      0x00000000000109c8       0x20 lib/orangescrt.a(lseek.o)
                                         0x38 (松开之前的大小)
 .eh_frame      0x00000000000109e8       0x20 lib/orangescrt.a(getpid.o)
                                         0x38 (松开之前的大小)
 .eh_frame      0x0000000000010a08       0x20 lib/orangescrt.a(stat.o)
                                         0x38 (松开之前的大小)
 .eh_frame      0x0000000000010a28       0x20 lib/orangescrt.a(fork.o)
                                         0x38 (松开之前的大小)
 .eh_frame      0x0000000000010a48       0x20 lib/orangescrt.a(wait.o)
                                         0x38 (松开之前的大小)
 .eh_frame      0x0000000000010a68       0x60 lib/orangescrt.a(exec.o)
                                         0x78 (松开之前的大小)
 .eh_frame      0x0000000000010ac8       0x20 lib/orangescrt.a(getticks.o)
                                         0x38 (松开之前的大小)
 *(.eh_frame.*)

.gcc_except_table
 *(.gcc_except_table .gcc_except_table.*)

.gnu_extab
 *(.gnu_extab*)

.exception_ranges
 *(.exception_ranges .exception_ranges*)
                0x0000000000011000                . = DATA_SEGMENT_ALIGN (0x1000, 0x1000)

.eh_frame
 *(.eh_frame)
 *(.eh_frame.*)

.gnu_extab
 *(.gnu_extab)

.gcc_except_table
 *(.gcc_except_table .gcc_except_table.*)

.exception_ranges
 *(.exception_ranges .exception_ranges*)

.tdata
 *(.tdata .tdata.* .gnu.linkonce.td.*)

.tbss
 *(.tbss .tbss.* .gnu.linkonce.tb.*)
 *(.tcommon)

.preinit_array  0x0000000000011000        0x0
                [!provide]                        PROVIDE (__preinit_array_start, .)
 *(.preinit_array)
                [!provide]                        PROVIDE (__preinit_array_end, .)

.init_array     0x0000000000011000        0x0
                [!provide]                        PROVIDE (__init_array_start, .)
 *(SORT(.init_array.*) SORT(.ctors.*))
 *(.init_array EXCLUDE_FILE(*crtend?.o *crtend.o *crtbegin?.o *crtbegin.o) .ctors)
                [!provide]                        PROVIDE (__init_array_end, .)

.fini_array     0x0000000000011000        0x0
                [!provide]                        PROVIDE (__fini_array_start, .)
 *(SORT(.fini_array.*) SORT(.dtors.*))
 *(.fini_array EXCLUDE_FILE(*crtend?.o *crtend.o *crtbegin?.o *crtbegin.o) .dtors)
                [!provide]                        PROVIDE (__fini_array_end, .)

.ctors
 *crtbegin.o(.ctors)
 *crtbegin?.o(.ctors)
 *(EXCLUDE_FILE(*crtend?.o *crtend.o) .ctors)
 *(SORT(.ctors.*))
 *(.ctors)

.dtors
 *crtbegin.o(.dtors)
 *crtbegin?.o(.dtors)
 *(EXCLUDE_FILE(*crtend?.o *crtend.o) .dtors)
 *(SORT(.dtors.*))
 *(.dtors)

.jcr
 *(.jcr)

.data.rel.ro
 *(.data.rel.ro.local* .gnu.linkonce.d.rel.ro.local.*)
 *(.data.rel.ro .data.rel.ro.* .gnu.linkonce.d.rel.ro.*)

.dynamic
 *(.dynamic)

.got
 *(.got)
 *(.igot)
                0x0000000000011000                . = DATA_SEGMENT_RELRO_END (., (SIZEOF (.got.plt) >= 0xc)?0xc:0x0)

.got.plt        0x0000000000011000        0x0
 *(.got.plt)
 *(.igot.plt)
 .igot.plt      0x0000000000011000        0x0 kernel/kernel.o

.data           0x0000000000011000      0x814
 *(.data .data.* .gnu.linkonce.d.*)
 .data          0x0000000000011000        0x2 kernel/kernel.o
 .data          0x0000000000011002        0x0 kernel/start.o
 .data          0x0000000000011002        0x0 kernel/main.o
 .data          0x0000000000011002        0x0 kernel/clock.o
 *fill*         0x0000000000011002       0x1e 
 .data          0x0000000000011020      0x600 kernel/keyboard.o
                0x0000000000011020                keymap
 .data          0x0000000000011620       0x22 kernel/tty.o
 .data          0x0000000000011642        0x0 kernel/console.o
 .data          0x0000000000011642        0x0 kernel/i8259.o
 *fill*         0x0000000000011642       0x1e 
 .data          0x0000000000011660      0x1b4 kernel/global.o
                0x0000000000011660                task_table
                0x0000000000011740                user_proc_table
                0x00000000000117e0                sys_call_table
                0x00000000000117ec                dd_map
                0x0000000000011804                fsbuf
                0x0000000000011808                mmbuf
                0x000000000001180c                logbuf
                0x0000000000011810                logdiskbuf
 .data          0x0000000000011814        0x0 kernel/protect.o
 .data          0x0000000000011814        0x0 kernel/proc.o
 .data          0x0000000000011814        0x0 kernel/systask.o
 .data          0x0000000000011814        0x0 kernel/hd.o
 .data          0x0000000000011814        0x0 kernel/klib.o
 .data          0x0000000000011814        0x0 lib/syslog.o
 .data          0x0000000000011814        0x0 mm/main.o
 .data          0x0000000000011814        0x0 mm/forkexit.o
 .data          0x0000000000011814        0x0 mm/exec.o
 .data          0x0000000000011814        0x0 fs/main.o
 .data          0x0000000000011814        0x0 fs/open.o
 .data          0x0000000000011814        0x0 fs/misc.o
 .data          0x0000000000011814        0x0 fs/read_write.o
 .data          0x0000000000011814        0x0 fs/link.o
 .data          0x0000000000011814        0x0 fs/disklog.o
 .data          0x0000000000011814        0x0 lib/orangescrt.a(printf.o)
 .data          0x0000000000011814        0x0 lib/orangescrt.a(vsprintf.o)
 .data          0x0000000000011814        0x0 lib/orangescrt.a(misc.o)
 .data          0x0000000000011814        0x0 lib/orangescrt.a(open.o)
 .data          0x0000000000011814        0x0 lib/orangescrt.a(read.o)
 .data          0x0000000000011814        0x0 lib/orangescrt.a(write.o)
 .data          0x0000000000011814        0x0 lib/orangescrt.a(close.o)
 .data          0x0000000000011814        0x0 lib/orangescrt.a(lseek.o)
 .data          0x0000000000011814        0x0 lib/orangescrt.a(getpid.o)
 .data          0x0000000000011814        0x0 lib/orangescrt.a(stat.o)
 .data          0x0000000000011814        0x0 lib/orangescrt.a(fork.o)
 .data          0x0000000000011814        0x0 lib/orangescrt.a(wait.o)
 .data          0x0000000000011814        0x0 lib/orangescrt.a(exec.o)
 .data          0x0000000000011814        0x0 lib/orangescrt.a(getticks.o)

.data1
 *(.data1)
                0x0000000000011814                _edata = .
                [!provide]                        PROVIDE (edata, .)
                0x0000000000011814                . = .
                0x0000000000011814                __bss_start = .

.bss            0x0000000000011820    0x2b740
 *(.dynbss)
 *(.bss .bss.* .gnu.linkonce.b.*)
 .bss           0x0000000000011820      0x800 kernel/kernel.o
 .bss           0x0000000000012020        0x0 kernel/start.o
 .bss           0x0000000000012020        0x0 kernel/main.o
 .bss           0x0000000000012020        0x0 kernel/clock.o
 .bss           0x0000000000012020       0x58 kernel/keyboard.o
 .bss           0x0000000000012078        0x0 kernel/tty.o
 .bss           0x0000000000012078        0x0 kernel/console.o
 .bss           0x0000000000012078        0x0 kernel/i8259.o
 .bss           0x0000000000012078        0x0 kernel/global.o
 .bss           0x0000000000012078        0x0 kernel/protect.o
 .bss           0x0000000000012078        0x0 kernel/proc.o
 .bss           0x0000000000012078        0x0 kernel/systask.o
 *fill*         0x0000000000012078        0x8 
 .bss           0x0000000000012080      0x64c kernel/hd.o
 .bss           0x00000000000126cc        0x0 kernel/klib.o
 .bss           0x00000000000126cc        0x0 lib/syslog.o
 .bss           0x00000000000126cc        0x0 mm/main.o
 .bss           0x00000000000126cc        0x0 mm/forkexit.o
 .bss           0x00000000000126cc        0x0 mm/exec.o
 .bss           0x00000000000126cc        0x0 fs/main.o
 .bss           0x00000000000126cc        0x0 fs/open.o
 .bss           0x00000000000126cc        0x0 fs/misc.o
 .bss           0x00000000000126cc        0x0 fs/read_write.o
 .bss           0x00000000000126cc        0x0 fs/link.o
 *fill*         0x00000000000126cc       0x14 
 .bss           0x00000000000126e0      0x208 fs/disklog.o
 .bss           0x00000000000128e8        0x0 lib/orangescrt.a(printf.o)
 .bss           0x00000000000128e8        0x0 lib/orangescrt.a(vsprintf.o)
 .bss           0x00000000000128e8        0x0 lib/orangescrt.a(misc.o)
 .bss           0x00000000000128e8        0x0 lib/orangescrt.a(open.o)
 .bss           0x00000000000128e8        0x0 lib/orangescrt.a(read.o)
 .bss           0x00000000000128e8        0x0 lib/orangescrt.a(write.o)
 .bss           0x00000000000128e8        0x0 lib/orangescrt.a(close.o)
 .bss           0x00000000000128e8        0x0 lib/orangescrt.a(lseek.o)
 .bss           0x00000000000128e8        0x0 lib/orangescrt.a(getpid.o)
 .bss           0x00000000000128e8        0x0 lib/orangescrt.a(stat.o)
 .bss           0x00000000000128e8        0x0 lib/orangescrt.a(fork.o)
 .bss           0x00000000000128e8        0x0 lib/orangescrt.a(wait.o)
 .bss           0x00000000000128e8        0x0 lib/orangescrt.a(exec.o)
 .bss           0x00000000000128e8        0x0 lib/orangescrt.a(getticks.o)
 *(COMMON)
 *fill*         0x00000000000128e8       0x18 
 COMMON         0x0000000000012900    0x2a64e kernel/global.o
                0x0000000000012900                idt_ptr
                0x0000000000012920                inode_table
                0x0000000000013420                task_stack
                0x0000000000037420                k_reenter
                0x0000000000037440                gdt
                0x0000000000037840                current_console
                0x0000000000037844                pcaller
                0x0000000000037860                tty_table
                0x00000000000384e0                tss
                0x0000000000038560                fs_msg
                0x0000000000038590                memory_size
                0x00000000000385a0                f_desc_table
                0x00000000000389a0                root_inode
                0x00000000000389a4                disp_pos
                0x00000000000389c0                mm_msg
                0x00000000000389f0                key_pressed
                0x00000000000389f4                gdt_ptr
                0x0000000000038a00                idt
                0x0000000000039200                super_block
                0x00000000000393e0                ticks
                0x0000000000039400                console_table
                0x0000000000039440                irq_table
                0x0000000000039480                p_proc_ready
                0x00000000000394a0                proc_table
 *fill*         0x000000000003cf4e        0x2 
 COMMON         0x000000000003cf50       0x10 kernel/hd.o
                0x000000000003cf50                PARTITION_ENTRY
                0x000000000003cf60                . = ALIGN ((. != 0x0)?0x4:0x1)
                0x000000000003cf60                . = ALIGN (0x4)
                0x000000000003cf60                . = SEGMENT_START ("ldata-segment", .)
                0x000000000003cf60                . = ALIGN (0x4)
                0x000000000003cf60                _end = .
                [!provide]                        PROVIDE (end, .)
                0x000000000003cf60                . = DATA_SEGMENT_END (.)

.stab
 *(.stab)

.stabstr
 *(.stabstr)

.stab.excl
 *(.stab.excl)

.stab.exclstr
 *(.stab.exclstr)

.stab.index
 *(.stab.index)

.stab.indexstr
 *(.stab.indexstr)

.comment        0x0000000000000000       0x34
 *(.comment)
 .comment       0x0000000000000000       0x34 kernel/start.o
                                         0x35 (松开之前的大小)
 .comment       0x0000000000000034       0x35 kernel/main.o
 .comment       0x0000000000000034       0x35 kernel/clock.o
 .comment       0x0000000000000034       0x35 kernel/keyboard.o
 .comment       0x0000000000000034       0x35 kernel/tty.o
 .comment       0x0000000000000034       0x35 kernel/console.o
 .comment       0x0000000000000034       0x35 kernel/i8259.o
 .comment       0x0000000000000034       0x35 kernel/global.o
 .comment       0x0000000000000034       0x35 kernel/protect.o
 .comment       0x0000000000000034       0x35 kernel/proc.o
 .comment       0x0000000000000034       0x35 kernel/systask.o
 .comment       0x0000000000000034       0x35 kernel/hd.o
 .comment       0x0000000000000034       0x35 kernel/klib.o
 .comment       0x0000000000000034       0x35 lib/syslog.o
 .comment       0x0000000000000034       0x35 mm/main.o
 .comment       0x0000000000000034       0x35 mm/forkexit.o
 .comment       0x0000000000000034       0x35 mm/exec.o
 .comment       0x0000000000000034       0x35 fs/main.o
 .comment       0x0000000000000034       0x35 fs/open.o
 .comment       0x0000000000000034       0x35 fs/misc.o
 .comment       0x0000000000000034       0x35 fs/read_write.o
 .comment       0x0000000000000034       0x35 fs/link.o
 .comment       0x0000000000000034       0x35 fs/disklog.o
 .comment       0x0000000000000034       0x35 lib/orangescrt.a(printf.o)
 .comment       0x0000000000000034       0x35 lib/orangescrt.a(vsprintf.o)
 .comment       0x0000000000000034       0x35 lib/orangescrt.a(misc.o)
 .comment       0x0000000000000034       0x35 lib/orangescrt.a(open.o)
 .comment       0x0000000000000034       0x35 lib/orangescrt.a(read.o)
 .comment       0x0000000000000034       0x35 lib/orangescrt.a(write.o)
 .comment       0x0000000000000034       0x35 lib/orangescrt.a(close.o)
 .comment       0x0000000000000034       0x35 lib/orangescrt.a(lseek.o)
 .comment       0x0000000000000034       0x35 lib/orangescrt.a(getpid.o)
 .comment       0x0000000000000034       0x35 lib/orangescrt.a(stat.o)
 .comment       0x0000000000000034       0x35 lib/orangescrt.a(fork.o)
 .comment       0x0000000000000034       0x35 lib/orangescrt.a(wait.o)
 .comment       0x0000000000000034       0x35 lib/orangescrt.a(exec.o)
 .comment       0x0000000000000034       0x35 lib/orangescrt.a(getticks.o)

.debug
 *(.debug)

.line
 *(.line)

.debug_srcinfo
 *(.debug_srcinfo)

.debug_sfnames
 *(.debug_sfnames)

.debug_aranges
 *(.debug_aranges)

.debug_pubnames
 *(.debug_pubnames)

.debug_info
 *(.debug_info .gnu.linkonce.wi.*)

.debug_abbrev
 *(.debug_abbrev)

.debug_line
 *(.debug_line .debug_line.* .debug_line_end)

.debug_frame
 *(.debug_frame)

.debug_str
 *(.debug_str)

.debug_loc
 *(.debug_loc)

.debug_macinfo
 *(.debug_macinfo)

.debug_weaknames
 *(.debug_weaknames)

.debug_funcnames
 *(.debug_funcnames)

.debug_typenames
 *(.debug_typenames)

.debug_varnames
 *(.debug_varnames)

.debug_pubtypes
 *(.debug_pubtypes)

.debug_ranges
 *(.debug_ranges)

.debug_macro
 *(.debug_macro)

.gnu.attributes
 *(.gnu.attributes)

/DISCARD/
 *(.note.GNU-stack)
 *(.gnu_debuglink)
 *(.gnu.lto_*)
OUTPUT(kernel.bin elf32-i386)
